[INFO] Scanning for projects...
[INFO] ------------------------------------------------------------------------
[INFO] Reactor Build Order:
[INFO] 
[INFO] TenderEase E-Procurement System                                    [pom]
[INFO] Common Library                                                     [jar]
[INFO] Tender Service                                                     [jar]
[INFO] 
[INFO] ------------------< lk.tenderease:tenderease-parent >-------------------
[INFO] Building TenderEase E-Procurement System 1.0.0-SNAPSHOT            [1/3]
[INFO]   from pom.xml
[INFO] --------------------------------[ pom ]---------------------------------
[INFO] 
[INFO] --------------------< lk.tenderease:common-library >--------------------
[INFO] Building Common Library 1.0.0-SNAPSHOT                             [2/3]
[INFO]   from common-library\pom.xml
[INFO] --------------------------------[ jar ]---------------------------------
[INFO] 
[INFO] --- resources:3.3.1:resources (default-resources) @ common-library ---
[INFO] skip non existing resourceDirectory C:\Users\User\Desktop\Projects\TENDEREASE.LK\backend\common-library\src\main\resources
[INFO] skip non existing resourceDirectory C:\Users\User\Desktop\Projects\TENDEREASE.LK\backend\common-library\src\main\resources
[INFO] 
[INFO] --- compiler:3.11.0:compile (default-compile) @ common-library ---
[INFO] Nothing to compile - all classes are up to date
[INFO] 
[INFO] --------------------< lk.tenderease:tender-service >--------------------
[INFO] Building Tender Service 1.0.0-SNAPSHOT                             [3/3]
[INFO]   from tender-service\pom.xml
[INFO] --------------------------------[ jar ]---------------------------------
[INFO] 
[INFO] --- resources:3.3.1:resources (default-resources) @ tender-service ---
[INFO] Copying 1 resource from src\main\resources to target\classes
[INFO] Copying 3 resources from src\main\resources to target\classes
[INFO] 
[INFO] --- compiler:3.11.0:compile (default-compile) @ tender-service ---
[INFO] Nothing to compile - all classes are up to date
[INFO] ------------------------------------------------------------------------
[INFO] Reactor Summary for TenderEase E-Procurement System 1.0.0-SNAPSHOT:
[INFO] 
[INFO] TenderEase E-Procurement System .................... SUCCESS [  0.003 s]
[INFO] Common Library ..................................... SUCCESS [  1.121 s]
[INFO] Tender Service ..................................... SUCCESS [  0.542 s]
[INFO] ------------------------------------------------------------------------
[INFO] BUILD SUCCESS
[INFO] ------------------------------------------------------------------------
[INFO] Total time:  2.193 s
[INFO] Finished at: 2026-03-30T13:30:15+05:30
[INFO] ------------------------------------------------------------------------
